Using pre-set license
Built from '6000.0/staging' branch; Version is '6000.0.28f1 (f336aca0cab5) revision 15939244'; Using compiler version '193933523'; Build Type 'Release'
OS: 'Windows 11  (10.0.26100) 64bit Core' Language: 'en' Physical Memory: 16253 MB
BatchMode: 1, IsHumanControllingUs: 0, StartBugReporterOnCrash: 0, Is64bit: 1, IsPro: 1

COMMAND LINE ARGUMENTS:
D:\Users\Johnn\6000.0.28f1\Editor\Unity.exe
-adb2
-batchMode
-noUpm
-name
AssetImportWorker2
-projectPath
D:/Users/Johnn/Desktop/Unity Projects/Shoplift Cam
-logFile
Logs/AssetImportWorker2.log
-srvPort
54193
-job-worker-count
7
-background-job-worker-count
8
-asset-garbage-collectors
1
Successfully changed project path to: D:/Users/Johnn/Desktop/Unity Projects/Shoplift Cam
D:/Users/Johnn/Desktop/Unity Projects/Shoplift Cam
[UnityMemory] Configuration Parameters - Can be set up in boot.config
    "memorysetup-bucket-allocator-granularity=16"
    "memorysetup-bucket-allocator-bucket-count=8"
    "memorysetup-bucket-allocator-block-size=33554432"
    "memorysetup-bucket-allocator-block-count=8"
    "memorysetup-main-allocator-block-size=16777216"
    "memorysetup-thread-allocator-block-size=16777216"
    "memorysetup-gfx-main-allocator-block-size=16777216"
    "memorysetup-gfx-thread-allocator-block-size=16777216"
    "memorysetup-cache-allocator-block-size=4194304"
    "memorysetup-typetree-allocator-block-size=2097152"
    "memorysetup-profiler-bucket-allocator-granularity=16"
    "memorysetup-profiler-bucket-allocator-bucket-count=8"
    "memorysetup-profiler-bucket-allocator-block-size=33554432"
    "memorysetup-profiler-bucket-allocator-block-count=8"
    "memorysetup-profiler-allocator-block-size=16777216"
    "memorysetup-profiler-editor-allocator-block-size=1048576"
    "memorysetup-temp-allocator-size-main=16777216"
    "memorysetup-job-temp-allocator-block-size=2097152"
    "memorysetup-job-temp-allocator-block-size-background=1048576"
    "memorysetup-job-temp-allocator-reduction-small-platforms=262144"
    "memorysetup-allocator-temp-initial-block-size-main=262144"
    "memorysetup-allocator-temp-initial-block-size-worker=262144"
    "memorysetup-temp-allocator-size-background-worker=32768"
    "memorysetup-temp-allocator-size-job-worker=262144"
    "memorysetup-temp-allocator-size-preload-manager=33554432"
    "memorysetup-temp-allocator-size-nav-mesh-worker=65536"
    "memorysetup-temp-allocator-size-audio-worker=65536"
    "memorysetup-temp-allocator-size-cloud-worker=32768"
    "memorysetup-temp-allocator-size-gi-baking-worker=262144"
    "memorysetup-temp-allocator-size-gi-baking-worker=262144"
    "memorysetup-temp-allocator-size-gi-baking-worker=262144"
    "memorysetup-temp-allocator-size-gi-baking-worker=262144"
    "memorysetup-temp-allocator-size-gi-baking-worker=262144"
    "memorysetup-temp-allocator-size-gfx=262144"
Player connection [3632]  Target information:

Player connection [3632]  * "[IP] 192.168.1.129 [Port] 0 [Flags] 2 [Guid] 2010058279 [EditorId] 2010058279 [Version] 1048832 [Id] WindowsEditor(7,DESKTOP-CIHAIR6) [Debug] 1 [PackageName] WindowsEditor [ProjectName] Editor" 

Player connection [3632] Host joined multi-casting on [225.0.0.222:54997]...
Player connection [3632] Host joined alternative multi-casting on [225.0.0.222:34997]...
JobSystem: Creating JobQueue using job-worker-count value 7
[Physics::Module] Initialized fallback backend.
[Physics::Module] Id: 0xdecafbad
Library Redirect Path: Library/
[Physics::Module] Selected backend.
[Physics::Module] Name: PhysX
[Physics::Module] Id: 0xf2b8ea05
[Physics::Module] SDK Version: 4.1.2
[Physics::Module] Integration Version: 1.0.0
[Physics::Module] Threading Mode: Multi-Threaded
Refreshing native plugins compatible for Editor in 0.16 ms, found 0 plugins.
Preloading 0 native plugins for Editor in 0.00 ms.
Initialize engine version: 6000.0.28f1 (f336aca0cab5)
[Subsystems] Discovering subsystems at path D:/Users/Johnn/6000.0.28f1/Editor/Data/Resources/UnitySubsystems
[Subsystems] Discovering subsystems at path D:/Users/Johnn/Desktop/Unity Projects/Shoplift Cam/Assets
GfxDevice: creating device client; kGfxThreadingModeNonThreaded
Direct3D:
    Version:  Direct3D 11.0 [level 11.1]
    Renderer: NVIDIA GeForce RTX 3060 (ID=0x2504)
    Vendor:   NVIDIA
    VRAM:     12115 MB
    Driver:   32.0.15.7652
Initialize mono
Mono path[0] = 'D:/Users/Johnn/6000.0.28f1/Editor/Data/Managed'
Mono path[1] = 'D:/Users/Johnn/6000.0.28f1/Editor/Data/MonoBleedingEdge/lib/mono/unityjit-win32'
Mono config path = 'D:/Users/Johnn/6000.0.28f1/Editor/Data/MonoBleedingEdge/etc'
Using monoOptions --debugger-agent=transport=dt_socket,embedding=1,server=y,suspend=n,address=127.0.0.1:56400
Begin MonoManager ReloadAssembly
Registering precompiled unity dll's ...
Register platform support module: D:/Users/Johnn/6000.0.28f1/Editor/Data/PlaybackEngines/WebGLSupport/UnityEditor.WebGL.Extensions.dll
Register platform support module: D:/Users/Johnn/6000.0.28f1/Editor/Data/PlaybackEngines/WindowsStandaloneSupport/UnityEditor.WindowsStandalone.Extensions.dll
Registered in 0.002667 seconds.
- Loaded All Assemblies, in  0.386 seconds
Native extension for WindowsStandalone target not found
Native extension for WebGL target not found
Mono: successfully reloaded assembly
- Finished resetting the current domain, in  0.276 seconds
Domain Reload Profiling: 662ms
	BeginReloadAssembly (153ms)
		ExecutionOrderSort (0ms)
		DisableScriptedObjects (0ms)
		BackupInstance (0ms)
		ReleaseScriptingObjects (0ms)
		CreateAndSetChildDomain (1ms)
	RebuildCommonClasses (32ms)
	RebuildNativeTypeToScriptingClass (10ms)
	initialDomainReloadingComplete (38ms)
	LoadAllAssembliesAndSetupDomain (152ms)
		LoadAssemblies (153ms)
		RebuildTransferFunctionScriptingTraits (0ms)
		AnalyzeDomain (149ms)
			TypeCache.Refresh (148ms)
				TypeCache.ScanAssembly (135ms)
			BuildScriptInfoCaches (0ms)
			ResolveRequiredComponents (0ms)
	FinalizeReload (277ms)
		ReleaseScriptCaches (0ms)
		RebuildScriptCaches (0ms)
		SetupLoadedEditorAssemblies (249ms)
			LogAssemblyErrors (0ms)
			InitializePlatformSupportModulesInManaged (24ms)
			SetLoadedEditorAssemblies (4ms)
			BeforeProcessingInitializeOnLoad (5ms)
			ProcessInitializeOnLoadAttributes (163ms)
			ProcessInitializeOnLoadMethodAttributes (51ms)
			AfterProcessingInitializeOnLoad (2ms)
			EditorAssembliesLoaded (0ms)
		ExecutionOrderSort2 (0ms)
		AwakeInstancesAfterBackupRestoration (0ms)
========================================================================
Worker process is ready to serve import requests
Import Worker Mode flag is 0x00
Begin MonoManager ReloadAssembly
- Loaded All Assemblies, in  0.594 seconds
Refreshing native plugins compatible for Editor in 0.13 ms, found 0 plugins.
Native extension for WindowsStandalone target not found
Native extension for WebGL target not found
Mono: successfully reloaded assembly
- Finished resetting the current domain, in  0.363 seconds
Domain Reload Profiling: 957ms
	BeginReloadAssembly (388ms)
		ExecutionOrderSort (0ms)
		DisableScriptedObjects (5ms)
		BackupInstance (0ms)
		ReleaseScriptingObjects (0ms)
		CreateAndSetChildDomain (26ms)
	RebuildCommonClasses (34ms)
	RebuildNativeTypeToScriptingClass (10ms)
	initialDomainReloadingComplete (29ms)
	LoadAllAssembliesAndSetupDomain (133ms)
		LoadAssemblies (223ms)
		RebuildTransferFunctionScriptingTraits (0ms)
		AnalyzeDomain (32ms)
			TypeCache.Refresh (21ms)
				TypeCache.ScanAssembly (14ms)
			BuildScriptInfoCaches (8ms)
			ResolveRequiredComponents (2ms)
	FinalizeReload (363ms)
		ReleaseScriptCaches (0ms)
		RebuildScriptCaches (0ms)
		SetupLoadedEditorAssemblies (191ms)
			LogAssemblyErrors (0ms)
			InitializePlatformSupportModulesInManaged (2ms)
			SetLoadedEditorAssemblies (3ms)
			BeforeProcessingInitializeOnLoad (14ms)
			ProcessInitializeOnLoadAttributes (140ms)
			ProcessInitializeOnLoadMethodAttributes (29ms)
			AfterProcessingInitializeOnLoad (4ms)
			EditorAssembliesLoaded (0ms)
		ExecutionOrderSort2 (0ms)
		AwakeInstancesAfterBackupRestoration (8ms)
Launched and connected shader compiler UnityShaderCompiler.exe after 0.02 seconds
Refreshing native plugins compatible for Editor in 0.18 ms, found 0 plugins.
Preloading 0 native plugins for Editor in 0.00 ms.
Unloading 62 Unused Serialized files (Serialized files now loaded: 0)
Unloading 944 unused Assets / (2.0 MB). Loaded Objects now: 1578.
Memory consumption went from 107.6 MB to 105.6 MB.
Total: 6.745600 ms (FindLiveObjects: 0.145300 ms CreateObjectMapping: 0.084300 ms MarkObjects: 5.828400 ms  DeleteObjects: 0.685200 ms)

========================================================================
Received Import Request.
  Time since last request: 9412.523501 seconds.
  path: Assets/Industrial Props/Prefabs
  artifactKey: Guid(808e3d54ad5ae7e4eb0d0c83a3c02766) Importer(815301076,1909f56bfc062723c751e8b465ee728b)
Start importing Assets/Industrial Props/Prefabs using Guid(808e3d54ad5ae7e4eb0d0c83a3c02766) Importer(815301076,1909f56bfc062723c751e8b465ee728b) (PreviewImporter) -> (artifact id: 'fad284bcac4aebd7fdd041bb9b1f35a2') in 0.0043568 seconds
Number of updated asset objects reloaded before import = 0Number of asset objects unloaded after import = 0

========================================================================
Received Import Request.
  Time since last request: 0.056674 seconds.
  path: Assets/Industrial Props/Prefabs/CinderBlock.prefab
  artifactKey: Guid(380c131da968d424ab4902f967bc23d5) Importer(815301076,1909f56bfc062723c751e8b465ee728b)
Start importing Assets/Industrial Props/Prefabs/CinderBlock.prefab using Guid(380c131da968d424ab4902f967bc23d5) Importer(815301076,1909f56bfc062723c751e8b465ee728b) (PreviewImporter) -> (artifact id: '379fa57b5e71aef7c48fb443e8e8f15c') in 0.1013326 seconds
Number of updated asset objects reloaded before import = 0Number of asset objects unloaded after import = 11

========================================================================
Received Import Request.
  Time since last request: 3.745912 seconds.
  path: Assets/Industrial Props/Demo
  artifactKey: Guid(b45060f02b3532345a9a9f50dd99f866) Importer(815301076,1909f56bfc062723c751e8b465ee728b)
Start importing Assets/Industrial Props/Demo using Guid(b45060f02b3532345a9a9f50dd99f866) Importer(815301076,1909f56bfc062723c751e8b465ee728b) (PreviewImporter) -> (artifact id: '838ce67aae24ccb884fbf515c1fe8dc8') in 0.0005089 seconds
Number of updated asset objects reloaded before import = 0Number of asset objects unloaded after import = 0

========================================================================
Received Import Request.
  Time since last request: 2.930839 seconds.
  path: Assets/Enviroment
  artifactKey: Guid(d6a4ce16a45975046b3beddfcec62522) Importer(815301076,1909f56bfc062723c751e8b465ee728b)
Start importing Assets/Enviroment using Guid(d6a4ce16a45975046b3beddfcec62522) Importer(815301076,1909f56bfc062723c751e8b465ee728b) (PreviewImporter) -> (artifact id: '3073c8dc6fc5e7f198db11771c1d7cb9') in 0.0004171 seconds
Number of updated asset objects reloaded before import = 0Number of asset objects unloaded after import = 0

========================================================================
Received Import Request.
  Time since last request: 0.901939 seconds.
  path: Assets/Enviroment/enviroment
  artifactKey: Guid(49e9945b9626f6a4f8a6f76948486bba) Importer(815301076,1909f56bfc062723c751e8b465ee728b)
Start importing Assets/Enviroment/enviroment using Guid(49e9945b9626f6a4f8a6f76948486bba) Importer(815301076,1909f56bfc062723c751e8b465ee728b) (PreviewImporter) -> (artifact id: '62cd9db091869fdc49369d3e1ea1d427') in 0.0003953 seconds
Number of updated asset objects reloaded before import = 0Number of asset objects unloaded after import = 0

========================================================================
Received Import Request.
  Time since last request: 0.537371 seconds.
  path: Assets/Enviroment/enviroment/Office building
  artifactKey: Guid(441857540886ba24495c5d2834d98898) Importer(815301076,1909f56bfc062723c751e8b465ee728b)
Start importing Assets/Enviroment/enviroment/Office building using Guid(441857540886ba24495c5d2834d98898) Importer(815301076,1909f56bfc062723c751e8b465ee728b) (PreviewImporter) -> (artifact id: '133dd62f0ff2379c5c2889cec4a00f57') in 0.0064401 seconds
Number of updated asset objects reloaded before import = 0Number of asset objects unloaded after import = 0

========================================================================
Received Import Request.
  Time since last request: 1.615342 seconds.
  path: Assets/Enviroment/enviroment/Office building/Prefabs
  artifactKey: Guid(67b7972e9e22a2741bc2ca125a50f730) Importer(815301076,1909f56bfc062723c751e8b465ee728b)
Start importing Assets/Enviroment/enviroment/Office building/Prefabs using Guid(67b7972e9e22a2741bc2ca125a50f730) Importer(815301076,1909f56bfc062723c751e8b465ee728b) (PreviewImporter) -> (artifact id: '04192d38fc4798103d9bac822c7db69d') in 0.0003933 seconds
Number of updated asset objects reloaded before import = 0Number of asset objects unloaded after import = 0

========================================================================
Received Import Request.
  Time since last request: 0.060839 seconds.
  path: Assets/Enviroment/enviroment/Office building/Prefabs/ABC puzzle floor Prefab.prefab
  artifactKey: Guid(91ced13d3de8aaf4998bdbb38fbf3a6b) Importer(815301076,1909f56bfc062723c751e8b465ee728b)
Start importing Assets/Enviroment/enviroment/Office building/Prefabs/ABC puzzle floor Prefab.prefab using Guid(91ced13d3de8aaf4998bdbb38fbf3a6b) Importer(815301076,1909f56bfc062723c751e8b465ee728b) (PreviewImporter) -> (artifact id: 'ef791fc5509172c5ec00d68ffdb0e5f1') in 0.008993 seconds
Number of updated asset objects reloaded before import = 0Number of asset objects unloaded after import = 10

========================================================================
Received Import Request.
  Time since last request: 0.000013 seconds.
  path: Assets/Enviroment/enviroment/Office building/Prefabs/Climb poles Prefab.prefab
  artifactKey: Guid(9cae3c9688e051e4fa6c097ea2d17a69) Importer(815301076,1909f56bfc062723c751e8b465ee728b)
Start importing Assets/Enviroment/enviroment/Office building/Prefabs/Climb poles Prefab.prefab using Guid(9cae3c9688e051e4fa6c097ea2d17a69) Importer(815301076,1909f56bfc062723c751e8b465ee728b) (PreviewImporter) -> (artifact id: 'fdfeed158eb480ca74e25e0e657fd11d') in 0.007542 seconds
Number of updated asset objects reloaded before import = 0Number of asset objects unloaded after import = 11

========================================================================
Received Import Request.
  Time since last request: 0.000017 seconds.
  path: Assets/Enviroment/enviroment/Office building/Prefabs/conference table Prefab.prefab
  artifactKey: Guid(89f109fde965876458c9ca5b3563f1e7) Importer(815301076,1909f56bfc062723c751e8b465ee728b)
Start importing Assets/Enviroment/enviroment/Office building/Prefabs/conference table Prefab.prefab using Guid(89f109fde965876458c9ca5b3563f1e7) Importer(815301076,1909f56bfc062723c751e8b465ee728b) (PreviewImporter) -> (artifact id: 'ecc467bcc91a73d902309a39fbc3dfc9') in 0.0082956 seconds
Number of updated asset objects reloaded before import = 0Number of asset objects unloaded after import = 11

========================================================================
Received Import Request.
  Time since last request: 0.000026 seconds.
  path: Assets/Enviroment/enviroment/Office building/Prefabs/filing B prefab.prefab
  artifactKey: Guid(fac4ae714c286054c82c1f4e68a3e641) Importer(815301076,1909f56bfc062723c751e8b465ee728b)
Start importing Assets/Enviroment/enviroment/Office building/Prefabs/filing B prefab.prefab using Guid(fac4ae714c286054c82c1f4e68a3e641) Importer(815301076,1909f56bfc062723c751e8b465ee728b) (PreviewImporter) -> (artifact id: 'b2155936794fa8839305209dcd21f81c') in 0.008216 seconds
Number of updated asset objects reloaded before import = 0Number of asset objects unloaded after import = 11

========================================================================
Received Import Request.
  Time since last request: 0.000013 seconds.
  path: Assets/Enviroment/enviroment/Office building/Prefabs/File cupboard prefab.prefab
  artifactKey: Guid(915dd1cfab33f5842802f4774a95100c) Importer(815301076,1909f56bfc062723c751e8b465ee728b)
Start importing Assets/Enviroment/enviroment/Office building/Prefabs/File cupboard prefab.prefab using Guid(915dd1cfab33f5842802f4774a95100c) Importer(815301076,1909f56bfc062723c751e8b465ee728b) (PreviewImporter) -> (artifact id: '796ac4a4345b5a9855eabe82e408b493') in 0.0078292 seconds
Number of updated asset objects reloaded before import = 0Number of asset objects unloaded after import = 11

========================================================================
Received Import Request.
  Time since last request: 0.000016 seconds.
  path: Assets/Enviroment/enviroment/Office building/Prefabs/File box blue Prefab.prefab
  artifactKey: Guid(0cad143f02eeb25428ce49d3d8edf3b9) Importer(815301076,1909f56bfc062723c751e8b465ee728b)
Start importing Assets/Enviroment/enviroment/Office building/Prefabs/File box blue Prefab.prefab using Guid(0cad143f02eeb25428ce49d3d8edf3b9) Importer(815301076,1909f56bfc062723c751e8b465ee728b) (PreviewImporter) -> (artifact id: '8edffa6f5dde102afe67d6c4b7c9783b') in 0.0071471 seconds
Number of updated asset objects reloaded before import = 0Number of asset objects unloaded after import = 11

========================================================================
Received Import Request.
  Time since last request: 0.000013 seconds.
  path: Assets/Enviroment/enviroment/Office building/Prefabs/Lamp C Prefab.prefab
  artifactKey: Guid(4f2f0fdda31a14e4283f1712495f8b96) Importer(815301076,1909f56bfc062723c751e8b465ee728b)
Start importing Assets/Enviroment/enviroment/Office building/Prefabs/Lamp C Prefab.prefab using Guid(4f2f0fdda31a14e4283f1712495f8b96) Importer(815301076,1909f56bfc062723c751e8b465ee728b) (PreviewImporter) -> (artifact id: '01f9e4170d485f47a78c937480a157ee') in 0.0080277 seconds
Number of updated asset objects reloaded before import = 0Number of asset objects unloaded after import = 14

========================================================================
Received Import Request.
  Time since last request: 0.000016 seconds.
  path: Assets/Enviroment/enviroment/Office building/Prefabs/Mirror bath Prefab 1.prefab
  artifactKey: Guid(5c9c641e44b2ebe44814379a32f31e0f) Importer(815301076,1909f56bfc062723c751e8b465ee728b)
Start importing Assets/Enviroment/enviroment/Office building/Prefabs/Mirror bath Prefab 1.prefab using Guid(5c9c641e44b2ebe44814379a32f31e0f) Importer(815301076,1909f56bfc062723c751e8b465ee728b) (PreviewImporter) -> (artifact id: '00526872d512ba01bc6d2eb535900179') in 0.007874 seconds
Number of updated asset objects reloaded before import = 0Number of asset objects unloaded after import = 12

========================================================================
Received Import Request.
  Time since last request: 0.000013 seconds.
  path: Assets/Enviroment/enviroment/Office building/Prefabs/Little cactus 1 Prefab.prefab
  artifactKey: Guid(2ff73ca776b2c2241834c15caef9521d) Importer(815301076,1909f56bfc062723c751e8b465ee728b)
Start importing Assets/Enviroment/enviroment/Office building/Prefabs/Little cactus 1 Prefab.prefab using Guid(2ff73ca776b2c2241834c15caef9521d) Importer(815301076,1909f56bfc062723c751e8b465ee728b) (PreviewImporter) -> (artifact id: 'a84bed847739361627fd0f0fb834e27a') in 0.0090574 seconds
Number of updated asset objects reloaded before import = 0Number of asset objects unloaded after import = 11

========================================================================
Received Import Request.
  Time since last request: 0.000017 seconds.
  path: Assets/Enviroment/enviroment/Office building/Prefabs/partition wall Prefab.prefab
  artifactKey: Guid(5df6ef8249eb44e43a04db3cf2824564) Importer(815301076,1909f56bfc062723c751e8b465ee728b)
Start importing Assets/Enviroment/enviroment/Office building/Prefabs/partition wall Prefab.prefab using Guid(5df6ef8249eb44e43a04db3cf2824564) Importer(815301076,1909f56bfc062723c751e8b465ee728b) (PreviewImporter) -> (artifact id: 'b40cf45cf20ebc8ad0450c1eebc265ec') in 0.0085351 seconds
Number of updated asset objects reloaded before import = 0Number of asset objects unloaded after import = 11

========================================================================
Received Import Request.
  Time since last request: 0.000028 seconds.
  path: Assets/Enviroment/enviroment/Office building/Prefabs/paper box prefab.prefab
  artifactKey: Guid(d7f6436fd43ddf442bf1f97390eb70a5) Importer(815301076,1909f56bfc062723c751e8b465ee728b)
Start importing Assets/Enviroment/enviroment/Office building/Prefabs/paper box prefab.prefab using Guid(d7f6436fd43ddf442bf1f97390eb70a5) Importer(815301076,1909f56bfc062723c751e8b465ee728b) (PreviewImporter) -> (artifact id: '2139b6cdd72ca5cf1444a485f9978e42') in 0.0073773 seconds
Number of updated asset objects reloaded before import = 0Number of asset objects unloaded after import = 11

========================================================================
Received Import Request.
  Time since last request: 0.000015 seconds.
  path: Assets/Enviroment/enviroment/Office building/Prefabs/Folder black prefab.prefab
  artifactKey: Guid(0d02ca7916ae6944a8fd275d889a8ee7) Importer(815301076,1909f56bfc062723c751e8b465ee728b)
Start importing Assets/Enviroment/enviroment/Office building/Prefabs/Folder black prefab.prefab using Guid(0d02ca7916ae6944a8fd275d889a8ee7) Importer(815301076,1909f56bfc062723c751e8b465ee728b) (PreviewImporter) -> (artifact id: 'fe0ea4edc9c7b9eab88cd4d2b40d1311') in 0.007933 seconds
Number of updated asset objects reloaded before import = 0Number of asset objects unloaded after import = 11

========================================================================
Received Import Request.
  Time since last request: 0.000014 seconds.
  path: Assets/Enviroment/enviroment/Office building/Prefabs/Plant 2 prefab.prefab
  artifactKey: Guid(c7e13309d6fe92b44aeae0c3ce40fab7) Importer(815301076,1909f56bfc062723c751e8b465ee728b)
Start importing Assets/Enviroment/enviroment/Office building/Prefabs/Plant 2 prefab.prefab using Guid(c7e13309d6fe92b44aeae0c3ce40fab7) Importer(815301076,1909f56bfc062723c751e8b465ee728b) (PreviewImporter) -> (artifact id: '34be6f4911e18c0ee4d485ff6077bc7a') in 0.0231222 seconds
Number of updated asset objects reloaded before import = 0Number of asset objects unloaded after import = 16

========================================================================
Received Import Request.
  Time since last request: 0.000023 seconds.
  path: Assets/Enviroment/enviroment/Office building/Prefabs/Server Prefab.prefab
  artifactKey: Guid(e25d9c5ca2c4d0b4fb0affe0be480238) Importer(815301076,1909f56bfc062723c751e8b465ee728b)
Start importing Assets/Enviroment/enviroment/Office building/Prefabs/Server Prefab.prefab using Guid(e25d9c5ca2c4d0b4fb0affe0be480238) Importer(815301076,1909f56bfc062723c751e8b465ee728b) (PreviewImporter) -> (artifact id: '269ea5d0a75215b1d26477872a34f816') in 0.0223941 seconds
Number of updated asset objects reloaded before import = 0Number of asset objects unloaded after import = 38

========================================================================
Received Import Request.
  Time since last request: 0.000026 seconds.
  path: Assets/Enviroment/enviroment/Office building/Prefabs/paper Prefab.prefab
  artifactKey: Guid(f8ec7b4856b8eb747ab5935cec767b15) Importer(815301076,1909f56bfc062723c751e8b465ee728b)
Start importing Assets/Enviroment/enviroment/Office building/Prefabs/paper Prefab.prefab using Guid(f8ec7b4856b8eb747ab5935cec767b15) Importer(815301076,1909f56bfc062723c751e8b465ee728b) (PreviewImporter) -> (artifact id: '4d14007922c21ff7711d4c75d5570227') in 0.0068838 seconds
Number of updated asset objects reloaded before import = 0Number of asset objects unloaded after import = 11

========================================================================
Received Import Request.
  Time since last request: 0.000016 seconds.
  path: Assets/Enviroment/enviroment/Office building/Prefabs/Lamp A Prefab.prefab
  artifactKey: Guid(879cb87e1d568e0468212a4ef47d7ae3) Importer(815301076,1909f56bfc062723c751e8b465ee728b)
Start importing Assets/Enviroment/enviroment/Office building/Prefabs/Lamp A Prefab.prefab using Guid(879cb87e1d568e0468212a4ef47d7ae3) Importer(815301076,1909f56bfc062723c751e8b465ee728b) (PreviewImporter) -> (artifact id: 'c0a09979e27630c8c9d30a3dc90d3835') in 0.0087709 seconds
Number of updated asset objects reloaded before import = 0Number of asset objects unloaded after import = 14

========================================================================
Received Import Request.
  Time since last request: 0.000017 seconds.
  path: Assets/Enviroment/enviroment/Office building/Prefabs/Couch office 2 Prefab.prefab
  artifactKey: Guid(c928f883aa7cdcf41a6faa362ed971bc) Importer(815301076,1909f56bfc062723c751e8b465ee728b)
Start importing Assets/Enviroment/enviroment/Office building/Prefabs/Couch office 2 Prefab.prefab using Guid(c928f883aa7cdcf41a6faa362ed971bc) Importer(815301076,1909f56bfc062723c751e8b465ee728b) (PreviewImporter) -> (artifact id: '8fc49614ae5dd29d93fc007243542098') in 0.0062884 seconds
Number of updated asset objects reloaded before import = 0Number of asset objects unloaded after import = 11

========================================================================
Received Import Request.
  Time since last request: 5.960909 seconds.
  path: Assets/Enviroment/enviroment/Office building/Prefabs/Storage box grey prefab.prefab
  artifactKey: Guid(2d613286f37c7964b8998d01106aad6a) Importer(815301076,1909f56bfc062723c751e8b465ee728b)
Start importing Assets/Enviroment/enviroment/Office building/Prefabs/Storage box grey prefab.prefab using Guid(2d613286f37c7964b8998d01106aad6a) Importer(815301076,1909f56bfc062723c751e8b465ee728b) (PreviewImporter) -> (artifact id: 'ee5db75ea3488372df7c34fa5eae9f5d') in 0.0070206 seconds
Number of updated asset objects reloaded before import = 0Number of asset objects unloaded after import = 11

========================================================================
Received Import Request.
  Time since last request: 0.000015 seconds.
  path: Assets/Enviroment/enviroment/Office building/Prefabs/Toilet paper prefab.prefab
  artifactKey: Guid(76d25017ebdd9e34e95ab02752c7b1ad) Importer(815301076,1909f56bfc062723c751e8b465ee728b)
Start importing Assets/Enviroment/enviroment/Office building/Prefabs/Toilet paper prefab.prefab using Guid(76d25017ebdd9e34e95ab02752c7b1ad) Importer(815301076,1909f56bfc062723c751e8b465ee728b) (PreviewImporter) -> (artifact id: '7b0220566d8a36e615d4304ddd6845c0') in 0.0071493 seconds
Number of updated asset objects reloaded before import = 0Number of asset objects unloaded after import = 16

========================================================================
Received Import Request.
  Time since last request: 0.000013 seconds.
  path: Assets/Enviroment/enviroment/Office building/Prefabs/Toilet Prefab.prefab
  artifactKey: Guid(d5b80a7f12599104087095e8c5f6baf1) Importer(815301076,1909f56bfc062723c751e8b465ee728b)
Start importing Assets/Enviroment/enviroment/Office building/Prefabs/Toilet Prefab.prefab using Guid(d5b80a7f12599104087095e8c5f6baf1) Importer(815301076,1909f56bfc062723c751e8b465ee728b) (PreviewImporter) -> (artifact id: 'c596603b86e00771b31025df84731acc') in 0.0083028 seconds
Number of updated asset objects reloaded before import = 0Number of asset objects unloaded after import = 23

========================================================================
Received Import Request.
  Time since last request: 0.000012 seconds.
  path: Assets/Enviroment/enviroment/Office building/Prefabs/Toilet cabine Prefab.prefab
  artifactKey: Guid(14f4f8b01b4d437489dd51800622e198) Importer(815301076,1909f56bfc062723c751e8b465ee728b)
Start importing Assets/Enviroment/enviroment/Office building/Prefabs/Toilet cabine Prefab.prefab using Guid(14f4f8b01b4d437489dd51800622e198) Importer(815301076,1909f56bfc062723c751e8b465ee728b) (PreviewImporter) -> (artifact id: 'f1b779ad9348f22f7366924a4cfc52df') in 0.0097792 seconds
Number of updated asset objects reloaded before import = 0Number of asset objects unloaded after import = 45

========================================================================
Received Import Request.
  Time since last request: 225.724786 seconds.
  path: Assets/Low-Poly 3D Lockers
  artifactKey: Guid(09385132cd8cc134cab208d3bcb627fc) Importer(815301076,1909f56bfc062723c751e8b465ee728b)
Start importing Assets/Low-Poly 3D Lockers using Guid(09385132cd8cc134cab208d3bcb627fc) Importer(815301076,1909f56bfc062723c751e8b465ee728b) (PreviewImporter) -> (artifact id: '3de4dc4e0a750693a5fe2af492d70af6') in 0.0006958 seconds
Number of updated asset objects reloaded before import = 0Number of asset objects unloaded after import = 0

========================================================================
Received Import Request.
  Time since last request: 1.089674 seconds.
  path: Assets/Low-Poly 3D Lockers/Low-Poly 3D Lockers
  artifactKey: Guid(14cf11b7fb667fb45818206410258923) Importer(815301076,1909f56bfc062723c751e8b465ee728b)
Start importing Assets/Low-Poly 3D Lockers/Low-Poly 3D Lockers using Guid(14cf11b7fb667fb45818206410258923) Importer(815301076,1909f56bfc062723c751e8b465ee728b) (PreviewImporter) -> (artifact id: 'b15d5e21d69dc07fe505fa639d6fb12c') in 0.000383 seconds
Number of updated asset objects reloaded before import = 0Number of asset objects unloaded after import = 0

========================================================================
Received Import Request.
  Time since last request: 3.318384 seconds.
  path: Assets/Low-Poly 3D Lockers/Low-Poly 3D Lockers/Materials
  artifactKey: Guid(5d8990c4a3d57984891bbc8e95ad2624) Importer(815301076,1909f56bfc062723c751e8b465ee728b)
Start importing Assets/Low-Poly 3D Lockers/Low-Poly 3D Lockers/Materials using Guid(5d8990c4a3d57984891bbc8e95ad2624) Importer(815301076,1909f56bfc062723c751e8b465ee728b) (PreviewImporter) -> (artifact id: '00811d1e1dea5ad42851bb74a2aedf33') in 0.0003895 seconds
Number of updated asset objects reloaded before import = 0Number of asset objects unloaded after import = 0

========================================================================
Received Import Request.
  Time since last request: 1.437507 seconds.
  path: Assets/Low-Poly 3D Lockers/Low-Poly 3D Lockers/3D Lockers Demo.unity
  artifactKey: Guid(83f3f04c2d0758041b4adfd6b69019f2) Importer(815301076,1909f56bfc062723c751e8b465ee728b)
Start importing Assets/Low-Poly 3D Lockers/Low-Poly 3D Lockers/3D Lockers Demo.unity using Guid(83f3f04c2d0758041b4adfd6b69019f2) Importer(815301076,1909f56bfc062723c751e8b465ee728b) (PreviewImporter) -> (artifact id: 'c1f790dd9a2a6d2f0f5ad6b77d5f494f') in 0.0003976 seconds
Number of updated asset objects reloaded before import = 0Number of asset objects unloaded after import = 0

========================================================================
Received Import Request.
  Time since last request: 1.023284 seconds.
  path: Assets/Low-Poly 3D Lockers/Low-Poly 3D Lockers/Textures
  artifactKey: Guid(f96c376c8161616419adc7f909058cb1) Importer(815301076,1909f56bfc062723c751e8b465ee728b)
Start importing Assets/Low-Poly 3D Lockers/Low-Poly 3D Lockers/Textures using Guid(f96c376c8161616419adc7f909058cb1) Importer(815301076,1909f56bfc062723c751e8b465ee728b) (PreviewImporter) -> (artifact id: 'cb1d0fd8936c2bbb74b42db23f854bcb') in 0.0004075 seconds
Number of updated asset objects reloaded before import = 0Number of asset objects unloaded after import = 0

========================================================================
Received Import Request.
  Time since last request: 0.807288 seconds.
  path: Assets/Low-Poly 3D Lockers/Low-Poly 3D Lockers/Prefabs
  artifactKey: Guid(6c3e58b8888ef3b4da352ea5defcb5aa) Importer(815301076,1909f56bfc062723c751e8b465ee728b)
Start importing Assets/Low-Poly 3D Lockers/Low-Poly 3D Lockers/Prefabs using Guid(6c3e58b8888ef3b4da352ea5defcb5aa) Importer(815301076,1909f56bfc062723c751e8b465ee728b) (PreviewImporter) -> (artifact id: '28f14634234d8075bb200922a7ac001a') in 0.0004973 seconds
Number of updated asset objects reloaded before import = 0Number of asset objects unloaded after import = 0

========================================================================
Received Import Request.
  Time since last request: 0.301165 seconds.
  path: Assets/Low-Poly 3D Lockers/Low-Poly 3D Lockers/Prefabs/M.C.C.prefab
  artifactKey: Guid(2b23fd819e8890e4bae6782feabf3193) Importer(815301076,1909f56bfc062723c751e8b465ee728b)
Start importing Assets/Low-Poly 3D Lockers/Low-Poly 3D Lockers/Prefabs/M.C.C.prefab using Guid(2b23fd819e8890e4bae6782feabf3193) Importer(815301076,1909f56bfc062723c751e8b465ee728b) (PreviewImporter) -> (artifact id: '6d3860f35bfac1a0549e72f7b3e0a162') in 0.0413495 seconds
Number of updated asset objects reloaded before import = 0Number of asset objects unloaded after import = 13

========================================================================
Received Import Request.
  Time since last request: 0.003909 seconds.
  path: Assets/Low-Poly 3D Lockers/Low-Poly 3D Lockers/Prefabs/M.O.C.prefab
  artifactKey: Guid(adea1f5c156322642a5577e011772b93) Importer(815301076,1909f56bfc062723c751e8b465ee728b)
Start importing Assets/Low-Poly 3D Lockers/Low-Poly 3D Lockers/Prefabs/M.O.C.prefab using Guid(adea1f5c156322642a5577e011772b93) Importer(815301076,1909f56bfc062723c751e8b465ee728b) (PreviewImporter) -> (artifact id: '8e01373d5521d3e1ca30cb3113cf760e') in 0.0211771 seconds
Number of updated asset objects reloaded before import = 0Number of asset objects unloaded after import = 14

========================================================================
Received Import Request.
  Time since last request: 0.000029 seconds.
  path: Assets/Low-Poly 3D Lockers/Low-Poly 3D Lockers/Prefabs/M.W.O.C Obj.prefab
  artifactKey: Guid(a99f23b840c78c747ab9019bc11a3f86) Importer(815301076,1909f56bfc062723c751e8b465ee728b)
Start importing Assets/Low-Poly 3D Lockers/Low-Poly 3D Lockers/Prefabs/M.W.O.C Obj.prefab using Guid(a99f23b840c78c747ab9019bc11a3f86) Importer(815301076,1909f56bfc062723c751e8b465ee728b) (PreviewImporter) -> (artifact id: 'e5e77287d438ac5d9b7278adcc01ed12') in 0.0154928 seconds
Number of updated asset objects reloaded before import = 0Number of asset objects unloaded after import = 16

========================================================================
Received Import Request.
  Time since last request: 0.000017 seconds.
  path: Assets/Low-Poly 3D Lockers/Low-Poly 3D Lockers/Prefabs/M.W.O.C.prefab
  artifactKey: Guid(592715beeb3def94bb61f4f83e36ac72) Importer(815301076,1909f56bfc062723c751e8b465ee728b)
Start importing Assets/Low-Poly 3D Lockers/Low-Poly 3D Lockers/Prefabs/M.W.O.C.prefab using Guid(592715beeb3def94bb61f4f83e36ac72) Importer(815301076,1909f56bfc062723c751e8b465ee728b) (PreviewImporter) -> (artifact id: 'b67676d57618cba1b91d7cfbf74b0b19') in 0.0142689 seconds
Number of updated asset objects reloaded before import = 0Number of asset objects unloaded after import = 14

========================================================================
Received Import Request.
  Time since last request: 0.000019 seconds.
  path: Assets/Low-Poly 3D Lockers/Low-Poly 3D Lockers/Prefabs/rack.prefab
  artifactKey: Guid(191706c323b2ed34f9336013395c730f) Importer(815301076,1909f56bfc062723c751e8b465ee728b)
Start importing Assets/Low-Poly 3D Lockers/Low-Poly 3D Lockers/Prefabs/rack.prefab using Guid(191706c323b2ed34f9336013395c730f) Importer(815301076,1909f56bfc062723c751e8b465ee728b) (PreviewImporter) -> (artifact id: '8aa7a42e85b3751a5c3ed3dc76b5d204') in 0.0145165 seconds
Number of updated asset objects reloaded before import = 0Number of asset objects unloaded after import = 13

Editor requested this worker to shutdown with reason: Scaling down because of idle timeout
AssetImportWorker is now disconnected from the server
Process exiting
Exiting without the bug reporter. Application will terminate with return code 0